Using pre-set license
Built from '6000.0/staging' branch; Version is '6000.0.23f1 (1c4764c07fb4) revision 1853284'; Using compiler version '193933523'; Build Type 'Release'
OS: 'Windows 11  (10.0.26100) 64bit Core' Language: 'en' Physical Memory: 8023 MB
BatchMode: 1, IsHumanControllingUs: 0, StartBugReporterOnCrash: 0, Is64bit: 1, IsPro: 1

COMMAND LINE ARGUMENTS:
C:\Users\44795\Dropbox\PC\Desktop\Unity Hub\6000.0.23f1\Editor\Unity.exe
-adb2
-batchMode
-noUpm
-name
AssetImportWorker2
-projectPath
C:/Users/44795/Dropbox/PC/Desktop/Games/MarioKart
-logFile
Logs/AssetImportWorker2.log
-srvPort
63730
-job-worker-count
5
-background-job-worker-count
8
-asset-garbage-collectors
1
Successfully changed project path to: C:/Users/44795/Dropbox/PC/Desktop/Games/MarioKart
C:/Users/44795/Dropbox/PC/Desktop/Games/MarioKart
[UnityMemory] Configuration Parameters - Can be set up in boot.config
    "memorysetup-bucket-allocator-granularity=16"
    "memorysetup-bucket-allocator-bucket-count=8"
    "memorysetup-bucket-allocator-block-size=33554432"
    "memorysetup-bucket-allocator-block-count=8"
    "memorysetup-main-allocator-block-size=16777216"
    "memorysetup-thread-allocator-block-size=16777216"
    "memorysetup-gfx-main-allocator-block-size=16777216"
    "memorysetup-gfx-thread-allocator-block-size=16777216"
    "memorysetup-cache-allocator-block-size=4194304"
    "memorysetup-typetree-allocator-block-size=2097152"
    "memorysetup-profiler-bucket-allocator-granularity=16"
    "memorysetup-profiler-bucket-allocator-bucket-count=8"
    "memorysetup-profiler-bucket-allocator-block-size=33554432"
    "memorysetup-profiler-bucket-allocator-block-count=8"
    "memorysetup-profiler-allocator-block-size=16777216"
    "memorysetup-profiler-editor-allocator-block-size=1048576"
    "memorysetup-temp-allocator-size-main=16777216"
    "memorysetup-job-temp-allocator-block-size=2097152"
    "memorysetup-job-temp-allocator-block-size-background=1048576"
    "memorysetup-job-temp-allocator-reduction-small-platforms=262144"
    "memorysetup-allocator-temp-initial-block-size-main=262144"
    "memorysetup-allocator-temp-initial-block-size-worker=262144"
    "memorysetup-temp-allocator-size-background-worker=32768"
    "memorysetup-temp-allocator-size-job-worker=262144"
    "memorysetup-temp-allocator-size-preload-manager=33554432"
    "memorysetup-temp-allocator-size-nav-mesh-worker=65536"
    "memorysetup-temp-allocator-size-audio-worker=65536"
    "memorysetup-temp-allocator-size-cloud-worker=32768"
    "memorysetup-temp-allocator-size-gi-baking-worker=262144"
    "memorysetup-temp-allocator-size-gi-baking-worker=262144"
    "memorysetup-temp-allocator-size-gi-baking-worker=262144"
    "memorysetup-temp-allocator-size-gi-baking-worker=262144"
    "memorysetup-temp-allocator-size-gi-baking-worker=262144"
    "memorysetup-temp-allocator-size-gfx=262144"
Player connection [19412]  Target information:

Player connection [19412]  * "[IP] 192.168.1.237 [Port] 0 [Flags] 2 [Guid] 1239943505 [EditorId] 1239943505 [Version] 1048832 [Id] WindowsEditor(7,LAPTOP-372UINHK) [Debug] 1 [PackageName] WindowsEditor [ProjectName] Editor" 

Player connection [19412] Host joined multi-casting on [225.0.0.222:54997]...
Player connection [19412] Host joined alternative multi-casting on [225.0.0.222:34997]...
JobSystem: Creating JobQueue using job-worker-count value 5
[Physics::Module] Initialized fallback backend.
[Physics::Module] Id: 0xdecafbad
Library Redirect Path: Library/
[Physics::Module] Selected backend.
[Physics::Module] Name: PhysX
[Physics::Module] Id: 0xf2b8ea05
[Physics::Module] SDK Version: 4.1.2
[Physics::Module] Integration Version: 1.0.0
[Physics::Module] Threading Mode: Multi-Threaded
Refreshing native plugins compatible for Editor in 8.77 ms, found 3 plugins.
Preloading 0 native plugins for Editor in 0.00 ms.
Initialize engine version: 6000.0.23f1 (1c4764c07fb4)
[Subsystems] Discovering subsystems at path C:/Users/44795/Dropbox/PC/Desktop/Unity Hub/6000.0.23f1/Editor/Data/Resources/UnitySubsystems
[Subsystems] Discovering subsystems at path C:/Users/44795/Dropbox/PC/Desktop/Games/MarioKart/Assets
GfxDevice: creating device client; kGfxThreadingModeNonThreaded
Direct3D:
    Version:  Direct3D 11.0 [level 11.1]
    Renderer: NVIDIA GeForce RTX 3060 Laptop GPU (ID=0x2520)
    Vendor:   NVIDIA
    VRAM:     5996 MB
    Driver:   32.0.15.6109
Initialize mono
Mono path[0] = 'C:/Users/44795/Dropbox/PC/Desktop/Unity Hub/6000.0.23f1/Editor/Data/Managed'
Mono path[1] = 'C:/Users/44795/Dropbox/PC/Desktop/Unity Hub/6000.0.23f1/Editor/Data/MonoBleedingEdge/lib/mono/unityjit-win32'
Mono config path = 'C:/Users/44795/Dropbox/PC/Desktop/Unity Hub/6000.0.23f1/Editor/Data/MonoBleedingEdge/etc'
Using monoOptions --debugger-agent=transport=dt_socket,embedding=1,server=y,suspend=n,address=127.0.0.1:56288
Begin MonoManager ReloadAssembly
Registering precompiled unity dll's ...
Register platform support module: C:/Users/44795/Dropbox/PC/Desktop/Unity Hub/6000.0.23f1/Editor/Data/PlaybackEngines/WindowsStandaloneSupport/UnityEditor.WindowsStandalone.Extensions.dll
Registered in 0.021804 seconds.
- Loaded All Assemblies, in  1.976 seconds
Native extension for WindowsStandalone target not found
Mono: successfully reloaded assembly
- Finished resetting the current domain, in  1.289 seconds
Domain Reload Profiling: 3258ms
	BeginReloadAssembly (1026ms)
		ExecutionOrderSort (0ms)
		DisableScriptedObjects (0ms)
		BackupInstance (0ms)
		ReleaseScriptingObjects (0ms)
		CreateAndSetChildDomain (2ms)
	RebuildCommonClasses (168ms)
	RebuildNativeTypeToScriptingClass (50ms)
	initialDomainReloadingComplete (213ms)
	LoadAllAssembliesAndSetupDomain (511ms)
		LoadAssemblies (1014ms)
		RebuildTransferFunctionScriptingTraits (0ms)
		AnalyzeDomain (504ms)
			TypeCache.Refresh (494ms)
				TypeCache.ScanAssembly (439ms)
			BuildScriptInfoCaches (0ms)
			ResolveRequiredComponents (8ms)
	FinalizeReload (1290ms)
		ReleaseScriptCaches (0ms)
		RebuildScriptCaches (0ms)
		SetupLoadedEditorAssemblies (1184ms)
			LogAssemblyErrors (0ms)
			InitializePlatformSupportModulesInManaged (82ms)
			SetLoadedEditorAssemblies (9ms)
			BeforeProcessingInitializeOnLoad (23ms)
			ProcessInitializeOnLoadAttributes (745ms)
			ProcessInitializeOnLoadMethodAttributes (296ms)
			AfterProcessingInitializeOnLoad (28ms)
			EditorAssembliesLoaded (0ms)
		ExecutionOrderSort2 (0ms)
		AwakeInstancesAfterBackupRestoration (0ms)
========================================================================
Worker process is ready to serve import requests
Import Worker Mode flag is 0x00
Begin MonoManager ReloadAssembly
- Loaded All Assemblies, in  4.136 seconds
Refreshing native plugins compatible for Editor in 3.06 ms, found 3 plugins.
Native extension for WindowsStandalone target not found
Mono: successfully reloaded assembly
- Finished resetting the current domain, in  2.413 seconds
Domain Reload Profiling: 6541ms
	BeginReloadAssembly (1879ms)
		ExecutionOrderSort (0ms)
		DisableScriptedObjects (11ms)
		BackupInstance (0ms)
		ReleaseScriptingObjects (0ms)
		CreateAndSetChildDomain (82ms)
	RebuildCommonClasses (64ms)
	RebuildNativeTypeToScriptingClass (22ms)
	initialDomainReloadingComplete (66ms)
	LoadAllAssembliesAndSetupDomain (2095ms)
		LoadAssemblies (1784ms)
		RebuildTransferFunctionScriptingTraits (0ms)
		AnalyzeDomain (694ms)
			TypeCache.Refresh (482ms)
				TypeCache.ScanAssembly (440ms)
			BuildScriptInfoCaches (182ms)
			ResolveRequiredComponents (21ms)
	FinalizeReload (2415ms)
		ReleaseScriptCaches (0ms)
		RebuildScriptCaches (0ms)
		SetupLoadedEditorAssemblies (1708ms)
			LogAssemblyErrors (0ms)
			InitializePlatformSupportModulesInManaged (5ms)
			SetLoadedEditorAssemblies (13ms)
			BeforeProcessingInitializeOnLoad (282ms)
			ProcessInitializeOnLoadAttributes (1118ms)
			ProcessInitializeOnLoadMethodAttributes (260ms)
			AfterProcessingInitializeOnLoad (27ms)
			EditorAssembliesLoaded (3ms)
		ExecutionOrderSort2 (0ms)
		AwakeInstancesAfterBackupRestoration (20ms)
Launched and connected shader compiler UnityShaderCompiler.exe after 0.16 seconds
Refreshing native plugins compatible for Editor in 2.44 ms, found 3 plugins.
Preloading 0 native plugins for Editor in 0.00 ms.
Unloading 198 Unused Serialized files (Serialized files now loaded: 0)
Unloading 5941 unused Assets / (6.1 MB). Loaded Objects now: 6707.
Memory consumption went from 181.8 MB to 175.7 MB.
Total: 116.212800 ms (FindLiveObjects: 1.944800 ms CreateObjectMapping: 1.446700 ms MarkObjects: 102.494500 ms  DeleteObjects: 10.323900 ms)

========================================================================
Received Import Request.
  Time since last request: 1789895.432044 seconds.
  path: Assets/InputSystem_Actions.inputactions
  artifactKey: Guid(052faaac586de48259a63d0c4782560b) Importer(815301076,1909f56bfc062723c751e8b465ee728b)
Start importing Assets/InputSystem_Actions.inputactions using Guid(052faaac586de48259a63d0c4782560b) Importer(815301076,1909f56bfc062723c751e8b465ee728b) (PreviewImporter) -> (artifact id: '15be5ba4d5b2b3ffcc56475d7901d8b3') in 0.5713704 seconds
Number of updated asset objects reloaded before import = 0Number of asset objects unloaded after import = 20

========================================================================
Received Import Request.
  Time since last request: 45.285193 seconds.
  path: Assets
  artifactKey: Guid(00000000000000001000000000000000) Importer(815301076,1909f56bfc062723c751e8b465ee728b)
Start importing Assets using Guid(00000000000000001000000000000000) Importer(815301076,1909f56bfc062723c751e8b465ee728b) (PreviewImporter) -> (artifact id: 'c391582d739b6e62a5220f35cbb167ac') in 0.0021491 seconds
Number of updated asset objects reloaded before import = 0Number of asset objects unloaded after import = 0

========================================================================
Received Import Request.
  Time since last request: 5.297554 seconds.
  path: Assets/Scripts
  artifactKey: Guid(64e1d2029fa97b44c90415cdea96ef37) Importer(815301076,1909f56bfc062723c751e8b465ee728b)
Start importing Assets/Scripts using Guid(64e1d2029fa97b44c90415cdea96ef37) Importer(815301076,1909f56bfc062723c751e8b465ee728b) (PreviewImporter) -> (artifact id: '51f26c7ecdd8ca581e73d39c694e989e') in 0.0008378 seconds
Number of updated asset objects reloaded before import = 0Number of asset objects unloaded after import = 0

========================================================================
Received Prepare
Refreshing native plugins compatible for Editor in 3.53 ms, found 3 plugins.
Preloading 0 native plugins for Editor in 0.00 ms.
Unloading 13 Unused Serialized files (Serialized files now loaded: 0)
Unloading 5931 unused Assets / (4.7 MB). Loaded Objects now: 6711.
Memory consumption went from 150.4 MB to 145.8 MB.
Total: 17.653700 ms (FindLiveObjects: 2.074500 ms CreateObjectMapping: 2.087900 ms MarkObjects: 8.803500 ms  DeleteObjects: 4.685500 ms)

Prepare: number of updated asset objects reloaded= 0
========================================================================
Received Import Request.
  Time since last request: 20.834479 seconds.
  path: Assets/Scripts/KartController.cs
  artifactKey: Guid(3cacf5cd34c72e0479494ca58b438b9f) Importer(815301076,1909f56bfc062723c751e8b465ee728b)
Start importing Assets/Scripts/KartController.cs using Guid(3cacf5cd34c72e0479494ca58b438b9f) Importer(815301076,1909f56bfc062723c751e8b465ee728b) (PreviewImporter) -> (artifact id: '926c8ef2b1fc897a7dfcbc5463a973ec') in 0.0134192 seconds
Number of updated asset objects reloaded before import = 0Number of asset objects unloaded after import = 0

========================================================================
Received Prepare
Begin MonoManager ReloadAssembly
- Loaded All Assemblies, in 26.145 seconds
Refreshing native plugins compatible for Editor in 2.90 ms, found 3 plugins.
Native extension for WindowsStandalone target not found
Mono: successfully reloaded assembly
- Finished resetting the current domain, in  3.114 seconds
Domain Reload Profiling: 29520ms
	BeginReloadAssembly (15592ms)
		ExecutionOrderSort (24ms)
		DisableScriptedObjects (1265ms)
		BackupInstance (0ms)
		ReleaseScriptingObjects (47ms)
		CreateAndSetChildDomain (5364ms)
	RebuildCommonClasses (87ms)
	RebuildNativeTypeToScriptingClass (25ms)
	initialDomainReloadingComplete (138ms)
	LoadAllAssembliesAndSetupDomain (10559ms)
		LoadAssemblies (8186ms)
		RebuildTransferFunctionScriptingTraits (0ms)
		AnalyzeDomain (2803ms)
			TypeCache.Refresh (133ms)
				TypeCache.ScanAssembly (6ms)
			BuildScriptInfoCaches (1802ms)
			ResolveRequiredComponents (117ms)
	FinalizeReload (3118ms)
		ReleaseScriptCaches (0ms)
		RebuildScriptCaches (0ms)
		SetupLoadedEditorAssemblies (1894ms)
			LogAssemblyErrors (0ms)
			InitializePlatformSupportModulesInManaged (13ms)
			SetLoadedEditorAssemblies (19ms)
			BeforeProcessingInitializeOnLoad (397ms)
			ProcessInitializeOnLoadAttributes (1252ms)
			ProcessInitializeOnLoadMethodAttributes (188ms)
			AfterProcessingInitializeOnLoad (24ms)
			EditorAssembliesLoaded (2ms)
		ExecutionOrderSort2 (0ms)
		AwakeInstancesAfterBackupRestoration (35ms)
Refreshing native plugins compatible for Editor in 4.76 ms, found 3 plugins.
Preloading 0 native plugins for Editor in 0.00 ms.
Unloading 23 Unused Serialized files (Serialized files now loaded: 0)
Unloading 5938 unused Assets / (7.1 MB). Loaded Objects now: 6726.
Memory consumption went from 164.4 MB to 157.3 MB.
Total: 133.898200 ms (FindLiveObjects: 12.294300 ms CreateObjectMapping: 2.661000 ms MarkObjects: 89.199700 ms  DeleteObjects: 26.877700 ms)

Prepare: number of updated asset objects reloaded= 0
========================================================================
Received Import Request.
  Time since last request: 113.791472 seconds.
  path: Assets/Scripts/KartController.cs
  artifactKey: Guid(3cacf5cd34c72e0479494ca58b438b9f) Importer(815301076,1909f56bfc062723c751e8b465ee728b)
Start importing Assets/Scripts/KartController.cs using Guid(3cacf5cd34c72e0479494ca58b438b9f) Importer(815301076,1909f56bfc062723c751e8b465ee728b) (PreviewImporter) -> (artifact id: '10a2ea1b08d60d55e8e89e6f4e98b928') in 0.2905014 seconds
Number of updated asset objects reloaded before import = 0Number of asset objects unloaded after import = 0

========================================================================
Received Prepare
Refreshing native plugins compatible for Editor in 5.64 ms, found 3 plugins.
Preloading 0 native plugins for Editor in 0.00 ms.
Unloading 13 Unused Serialized files (Serialized files now loaded: 0)
Unloading 5931 unused Assets / (3.1 MB). Loaded Objects now: 6726.
Memory consumption went from 162.9 MB to 159.8 MB.
Total: 576.273200 ms (FindLiveObjects: 3.906200 ms CreateObjectMapping: 1.877600 ms MarkObjects: 564.108700 ms  DeleteObjects: 6.376400 ms)

Prepare: number of updated asset objects reloaded= 0
========================================================================
Received Import Request.
  Time since last request: 1095.061046 seconds.
  path: Assets/Scripts/KartController.cs
  artifactKey: Guid(3cacf5cd34c72e0479494ca58b438b9f) Importer(815301076,1909f56bfc062723c751e8b465ee728b)
Start importing Assets/Scripts/KartController.cs using Guid(3cacf5cd34c72e0479494ca58b438b9f) Importer(815301076,1909f56bfc062723c751e8b465ee728b) (PreviewImporter) -> (artifact id: '5774c02545fe1e7f095e6965e01bce63') in 0.3900747 seconds
Number of updated asset objects reloaded before import = 0Number of asset objects unloaded after import = 0

========================================================================
Received Prepare
Begin MonoManager ReloadAssembly
- Loaded All Assemblies, in 23.763 seconds
Refreshing native plugins compatible for Editor in 1.15 ms, found 3 plugins.
Native extension for WindowsStandalone target not found
Mono: successfully reloaded assembly
- Finished resetting the current domain, in  5.172 seconds
Domain Reload Profiling: 29070ms
	BeginReloadAssembly (8836ms)
		ExecutionOrderSort (5ms)
		DisableScriptedObjects (362ms)
		BackupInstance (0ms)
		ReleaseScriptingObjects (11ms)
		CreateAndSetChildDomain (2711ms)
	RebuildCommonClasses (91ms)
	RebuildNativeTypeToScriptingClass (27ms)
	initialDomainReloadingComplete (102ms)
	LoadAllAssembliesAndSetupDomain (14841ms)
		LoadAssemblies (2870ms)
		RebuildTransferFunctionScriptingTraits (0ms)
		AnalyzeDomain (12423ms)
			TypeCache.Refresh (1138ms)
				TypeCache.ScanAssembly (6ms)
			BuildScriptInfoCaches (11103ms)
			ResolveRequiredComponents (153ms)
	FinalizeReload (5173ms)
		ReleaseScriptCaches (0ms)
		RebuildScriptCaches (0ms)
		SetupLoadedEditorAssemblies (2393ms)
			LogAssemblyErrors (51ms)
			InitializePlatformSupportModulesInManaged (20ms)
			SetLoadedEditorAssemblies (12ms)
			BeforeProcessingInitializeOnLoad (509ms)
			ProcessInitializeOnLoadAttributes (1668ms)
			ProcessInitializeOnLoadMethodAttributes (119ms)
			AfterProcessingInitializeOnLoad (13ms)
			EditorAssembliesLoaded (2ms)
		ExecutionOrderSort2 (0ms)
		AwakeInstancesAfterBackupRestoration (29ms)
Refreshing native plugins compatible for Editor in 4.39 ms, found 3 plugins.
Preloading 0 native plugins for Editor in 0.00 ms.
Unloading 13 Unused Serialized files (Serialized files now loaded: 0)
Unloading 5938 unused Assets / (3.1 MB). Loaded Objects now: 6728.
Memory consumption went from 162.7 MB to 159.6 MB.
Total: 42.273300 ms (FindLiveObjects: 1.122700 ms CreateObjectMapping: 1.838600 ms MarkObjects: 30.247200 ms  DeleteObjects: 9.058300 ms)

Prepare: number of updated asset objects reloaded= 0
========================================================================
Received Prepare
Begin MonoManager ReloadAssembly
- Loaded All Assemblies, in 11.883 seconds
Refreshing native plugins compatible for Editor in 107.83 ms, found 3 plugins.
Native extension for WindowsStandalone target not found
Mono: successfully reloaded assembly
- Finished resetting the current domain, in  5.946 seconds
Domain Reload Profiling: 17826ms
	BeginReloadAssembly (1112ms)
		ExecutionOrderSort (0ms)
		DisableScriptedObjects (34ms)
		BackupInstance (0ms)
		ReleaseScriptingObjects (8ms)
		CreateAndSetChildDomain (391ms)
	RebuildCommonClasses (300ms)
	RebuildNativeTypeToScriptingClass (27ms)
	initialDomainReloadingComplete (78ms)
	LoadAllAssembliesAndSetupDomain (10361ms)
		LoadAssemblies (9962ms)
		RebuildTransferFunctionScriptingTraits (0ms)
		AnalyzeDomain (943ms)
			TypeCache.Refresh (110ms)
				TypeCache.ScanAssembly (0ms)
			BuildScriptInfoCaches (783ms)
			ResolveRequiredComponents (24ms)
	FinalizeReload (5948ms)
		ReleaseScriptCaches (0ms)
		RebuildScriptCaches (0ms)
		SetupLoadedEditorAssemblies (4391ms)
			LogAssemblyErrors (0ms)
			InitializePlatformSupportModulesInManaged (30ms)
			SetLoadedEditorAssemblies (30ms)
			BeforeProcessingInitializeOnLoad (363ms)
			ProcessInitializeOnLoadAttributes (3443ms)
			ProcessInitializeOnLoadMethodAttributes (447ms)
			AfterProcessingInitializeOnLoad (11ms)
			EditorAssembliesLoaded (67ms)
		ExecutionOrderSort2 (0ms)
		AwakeInstancesAfterBackupRestoration (59ms)
Refreshing native plugins compatible for Editor in 1.49 ms, found 3 plugins.
Preloading 0 native plugins for Editor in 0.00 ms.
Unloading 13 Unused Serialized files (Serialized files now loaded: 0)
Unloading 5938 unused Assets / (4.3 MB). Loaded Objects now: 6730.
Memory consumption went from 162.7 MB to 158.4 MB.
Total: 22.489400 ms (FindLiveObjects: 2.768300 ms CreateObjectMapping: 1.751500 ms MarkObjects: 12.242500 ms  DeleteObjects: 5.724200 ms)

Prepare: number of updated asset objects reloaded= 0
========================================================================
Received Import Request.
  Time since last request: 541.901269 seconds.
  path: ProjectSettings/TagManager.asset
  artifactKey: Guid(00000000000000003000000000000000) Importer(815301076,1909f56bfc062723c751e8b465ee728b)
Start importing ProjectSettings/TagManager.asset using Guid(00000000000000003000000000000000) Importer(815301076,1909f56bfc062723c751e8b465ee728b) (PreviewImporter) -> (artifact id: '3a7edb23da3ecee511b0136481fac718') in 2.1460342 seconds
Number of updated asset objects reloaded before import = 0Number of asset objects unloaded after import = 0

========================================================================
Received Prepare
Begin MonoManager ReloadAssembly
- Loaded All Assemblies, in 11.169 seconds
Refreshing native plugins compatible for Editor in 285.58 ms, found 3 plugins.
Native extension for WindowsStandalone target not found
Mono: successfully reloaded assembly
- Finished resetting the current domain, in  6.079 seconds
Domain Reload Profiling: 17259ms
	BeginReloadAssembly (3250ms)
		ExecutionOrderSort (2ms)
		DisableScriptedObjects (318ms)
		BackupInstance (0ms)
		ReleaseScriptingObjects (8ms)
		CreateAndSetChildDomain (1424ms)
	RebuildCommonClasses (143ms)
	RebuildNativeTypeToScriptingClass (35ms)
	initialDomainReloadingComplete (130ms)
	LoadAllAssembliesAndSetupDomain (7618ms)
		LoadAssemblies (4371ms)
		RebuildTransferFunctionScriptingTraits (0ms)
		AnalyzeDomain (3541ms)
			TypeCache.Refresh (973ms)
				TypeCache.ScanAssembly (0ms)
			BuildScriptInfoCaches (2501ms)
			ResolveRequiredComponents (31ms)
	FinalizeReload (6082ms)
		ReleaseScriptCaches (0ms)
		RebuildScriptCaches (0ms)
		SetupLoadedEditorAssemblies (3047ms)
			LogAssemblyErrors (0ms)
			InitializePlatformSupportModulesInManaged (148ms)
			SetLoadedEditorAssemblies (26ms)
			BeforeProcessingInitializeOnLoad (713ms)
			ProcessInitializeOnLoadAttributes (1637ms)
			ProcessInitializeOnLoadMethodAttributes (462ms)
			AfterProcessingInitializeOnLoad (16ms)
			EditorAssembliesLoaded (45ms)
		ExecutionOrderSort2 (0ms)
		AwakeInstancesAfterBackupRestoration (31ms)
Refreshing native plugins compatible for Editor in 3.24 ms, found 3 plugins.
Preloading 0 native plugins for Editor in 0.00 ms.
Unloading 13 Unused Serialized files (Serialized files now loaded: 0)
Unloading 5939 unused Assets / (3.4 MB). Loaded Objects now: 6732.
Memory consumption went from 162.7 MB to 159.3 MB.
Total: 31.910900 ms (FindLiveObjects: 2.442300 ms CreateObjectMapping: 2.558600 ms MarkObjects: 19.634100 ms  DeleteObjects: 7.270800 ms)

Prepare: number of updated asset objects reloaded= 0
========================================================================
Received Prepare
Begin MonoManager ReloadAssembly
- Loaded All Assemblies, in  7.816 seconds
Refreshing native plugins compatible for Editor in 1.81 ms, found 3 plugins.
Native extension for WindowsStandalone target not found
Mono: successfully reloaded assembly
- Finished resetting the current domain, in  3.399 seconds
Domain Reload Profiling: 11299ms
	BeginReloadAssembly (4873ms)
		ExecutionOrderSort (9ms)
		DisableScriptedObjects (388ms)
		BackupInstance (0ms)
		ReleaseScriptingObjects (13ms)
		CreateAndSetChildDomain (2461ms)
	RebuildCommonClasses (190ms)
	RebuildNativeTypeToScriptingClass (21ms)
	initialDomainReloadingComplete (158ms)
	LoadAllAssembliesAndSetupDomain (2562ms)
		LoadAssemblies (2850ms)
		RebuildTransferFunctionScriptingTraits (0ms)
		AnalyzeDomain (448ms)
			TypeCache.Refresh (24ms)
				TypeCache.ScanAssembly (0ms)
			BuildScriptInfoCaches (395ms)
			ResolveRequiredComponents (20ms)
	FinalizeReload (3494ms)
		ReleaseScriptCaches (0ms)
		RebuildScriptCaches (0ms)
		SetupLoadedEditorAssemblies (2450ms)
			LogAssemblyErrors (0ms)
			InitializePlatformSupportModulesInManaged (3ms)
			SetLoadedEditorAssemblies (8ms)
			BeforeProcessingInitializeOnLoad (492ms)
			ProcessInitializeOnLoadAttributes (1793ms)
			ProcessInitializeOnLoadMethodAttributes (141ms)
			AfterProcessingInitializeOnLoad (12ms)
			EditorAssembliesLoaded (0ms)
		ExecutionOrderSort2 (0ms)
		AwakeInstancesAfterBackupRestoration (13ms)
Refreshing native plugins compatible for Editor in 1.44 ms, found 3 plugins.
Preloading 0 native plugins for Editor in 0.00 ms.
Unloading 13 Unused Serialized files (Serialized files now loaded: 0)
Unloading 5938 unused Assets / (4.1 MB). Loaded Objects now: 6734.
Memory consumption went from 162.7 MB to 158.6 MB.
Total: 54.038100 ms (FindLiveObjects: 1.811900 ms CreateObjectMapping: 2.028500 ms MarkObjects: 47.542800 ms  DeleteObjects: 2.651400 ms)

Prepare: number of updated asset objects reloaded= 0
========================================================================
Received Prepare
Refreshing native plugins compatible for Editor in 149.74 ms, found 3 plugins.
Preloading 0 native plugins for Editor in 0.00 ms.
Unloading 13 Unused Serialized files (Serialized files now loaded: 0)
Unloading 5931 unused Assets / (4.5 MB). Loaded Objects now: 6734.
Memory consumption went from 162.9 MB to 158.4 MB.
Total: 17241.070400 ms (FindLiveObjects: 273.250700 ms CreateObjectMapping: 1.741500 ms MarkObjects: 16958.031900 ms  DeleteObjects: 8.042500 ms)

Prepare: number of updated asset objects reloaded= 0
========================================================================
Received Prepare
Begin MonoManager ReloadAssembly
- Loaded All Assemblies, in 60.158 seconds
Refreshing native plugins compatible for Editor in 4.13 ms, found 3 plugins.
Native extension for WindowsStandalone target not found
Mono: successfully reloaded assembly
- Finished resetting the current domain, in  4.619 seconds
Domain Reload Profiling: 64785ms
	BeginReloadAssembly (47147ms)
		ExecutionOrderSort (46ms)
		DisableScriptedObjects (2769ms)
		BackupInstance (0ms)
		ReleaseScriptingObjects (229ms)
		CreateAndSetChildDomain (17386ms)
	RebuildCommonClasses (214ms)
	RebuildNativeTypeToScriptingClass (77ms)
	initialDomainReloadingComplete (1339ms)
	LoadAllAssembliesAndSetupDomain (11387ms)
		LoadAssemblies (11430ms)
		RebuildTransferFunctionScriptingTraits (0ms)
		AnalyzeDomain (1079ms)
			TypeCache.Refresh (169ms)
				TypeCache.ScanAssembly (4ms)
			BuildScriptInfoCaches (837ms)
			ResolveRequiredComponents (32ms)
	FinalizeReload (4621ms)
		ReleaseScriptCaches (0ms)
		RebuildScriptCaches (0ms)
		SetupLoadedEditorAssemblies (3857ms)
			LogAssemblyErrors (0ms)
			InitializePlatformSupportModulesInManaged (15ms)
			SetLoadedEditorAssemblies (13ms)
			BeforeProcessingInitializeOnLoad (301ms)
			ProcessInitializeOnLoadAttributes (3133ms)
			ProcessInitializeOnLoadMethodAttributes (375ms)
			AfterProcessingInitializeOnLoad (18ms)
			EditorAssembliesLoaded (2ms)
		ExecutionOrderSort2 (0ms)
		AwakeInstancesAfterBackupRestoration (63ms)
Refreshing native plugins compatible for Editor in 3.98 ms, found 3 plugins.
Preloading 0 native plugins for Editor in 0.00 ms.
Unloading 13 Unused Serialized files (Serialized files now loaded: 0)
Unloading 5938 unused Assets / (4.8 MB). Loaded Objects now: 6736.
Memory consumption went from 162.7 MB to 157.9 MB.
Total: 41.439300 ms (FindLiveObjects: 2.690700 ms CreateObjectMapping: 1.961200 ms MarkObjects: 26.888900 ms  DeleteObjects: 9.555700 ms)

Prepare: number of updated asset objects reloaded= 0
========================================================================
Received Prepare
Begin MonoManager ReloadAssembly
- Loaded All Assemblies, in  6.490 seconds
Refreshing native plugins compatible for Editor in 250.79 ms, found 3 plugins.
Native extension for WindowsStandalone target not found
Mono: successfully reloaded assembly
- Finished resetting the current domain, in  4.275 seconds
Domain Reload Profiling: 10760ms
	BeginReloadAssembly (3350ms)
		ExecutionOrderSort (0ms)
		DisableScriptedObjects (40ms)
		BackupInstance (0ms)
		ReleaseScriptingObjects (0ms)
		CreateAndSetChildDomain (352ms)
	RebuildCommonClasses (82ms)
	RebuildNativeTypeToScriptingClass (20ms)
	initialDomainReloadingComplete (56ms)
	LoadAllAssembliesAndSetupDomain (2976ms)
		LoadAssemblies (4314ms)
		RebuildTransferFunctionScriptingTraits (0ms)
		AnalyzeDomain (903ms)
			TypeCache.Refresh (15ms)
				TypeCache.ScanAssembly (0ms)
			BuildScriptInfoCaches (861ms)
			ResolveRequiredComponents (21ms)
	FinalizeReload (4276ms)
		ReleaseScriptCaches (0ms)
		RebuildScriptCaches (0ms)
		SetupLoadedEditorAssemblies (2779ms)
			LogAssemblyErrors (0ms)
			InitializePlatformSupportModulesInManaged (2ms)
			SetLoadedEditorAssemblies (8ms)
			BeforeProcessingInitializeOnLoad (861ms)
			ProcessInitializeOnLoadAttributes (1815ms)
			ProcessInitializeOnLoadMethodAttributes (82ms)
			AfterProcessingInitializeOnLoad (11ms)
			EditorAssembliesLoaded (0ms)
		ExecutionOrderSort2 (0ms)
		AwakeInstancesAfterBackupRestoration (89ms)
Refreshing native plugins compatible for Editor in 1.55 ms, found 3 plugins.
Preloading 0 native plugins for Editor in 0.00 ms.
Unloading 13 Unused Serialized files (Serialized files now loaded: 0)
Unloading 5938 unused Assets / (4.3 MB). Loaded Objects now: 6738.
Memory consumption went from 162.7 MB to 158.4 MB.
Total: 14.508800 ms (FindLiveObjects: 1.334900 ms CreateObjectMapping: 1.501400 ms MarkObjects: 7.981200 ms  DeleteObjects: 3.689100 ms)

Prepare: number of updated asset objects reloaded= 0
========================================================================
Received Prepare
Refreshing native plugins compatible for Editor in 2.34 ms, found 3 plugins.
Preloading 0 native plugins for Editor in 0.00 ms.
Unloading 13 Unused Serialized files (Serialized files now loaded: 0)
Unloading 5931 unused Assets / (3.9 MB). Loaded Objects now: 6738.
Memory consumption went from 162.9 MB to 159.0 MB.
Total: 489.835100 ms (FindLiveObjects: 8.309100 ms CreateObjectMapping: 1.200900 ms MarkObjects: 476.373100 ms  DeleteObjects: 3.949600 ms)

Prepare: number of updated asset objects reloaded= 0
========================================================================
Received Prepare
Begin MonoManager ReloadAssembly
- Loaded All Assemblies, in 32.653 seconds
Refreshing native plugins compatible for Editor in 2.73 ms, found 3 plugins.
Native extension for WindowsStandalone target not found
Mono: successfully reloaded assembly
- Finished resetting the current domain, in  1.652 seconds
Domain Reload Profiling: 34203ms
	BeginReloadAssembly (12650ms)
		ExecutionOrderSort (1ms)
		DisableScriptedObjects (479ms)
		BackupInstance (0ms)
		ReleaseScriptingObjects (7ms)
		CreateAndSetChildDomain (3094ms)
	RebuildCommonClasses (2102ms)
	RebuildNativeTypeToScriptingClass (54ms)
	initialDomainReloadingComplete (1800ms)
	LoadAllAssembliesAndSetupDomain (15943ms)
		LoadAssemblies (22542ms)
		RebuildTransferFunctionScriptingTraits (0ms)
		AnalyzeDomain (1265ms)
			TypeCache.Refresh (328ms)
				TypeCache.ScanAssembly (4ms)
			BuildScriptInfoCaches (864ms)
			ResolveRequiredComponents (32ms)
	FinalizeReload (1653ms)
		ReleaseScriptCaches (0ms)
		RebuildScriptCaches (0ms)
		SetupLoadedEditorAssemblies (1151ms)
			LogAssemblyErrors (0ms)
			InitializePlatformSupportModulesInManaged (4ms)
			SetLoadedEditorAssemblies (10ms)
			BeforeProcessingInitializeOnLoad (288ms)
			ProcessInitializeOnLoadAttributes (731ms)
			ProcessInitializeOnLoadMethodAttributes (98ms)
			AfterProcessingInitializeOnLoad (17ms)
			EditorAssembliesLoaded (2ms)
		ExecutionOrderSort2 (0ms)
		AwakeInstancesAfterBackupRestoration (20ms)
Refreshing native plugins compatible for Editor in 2.48 ms, found 3 plugins.
Preloading 0 native plugins for Editor in 0.00 ms.
Unloading 13 Unused Serialized files (Serialized files now loaded: 0)
Unloading 5938 unused Assets / (4.5 MB). Loaded Objects now: 6740.
Memory consumption went from 162.7 MB to 158.3 MB.
Total: 28.051800 ms (FindLiveObjects: 1.727800 ms CreateObjectMapping: 1.178900 ms MarkObjects: 20.119000 ms  DeleteObjects: 5.022900 ms)

Prepare: number of updated asset objects reloaded= 0
========================================================================
Received Prepare
Begin MonoManager ReloadAssembly
- Loaded All Assemblies, in 11.297 seconds
Refreshing native plugins compatible for Editor in 1.30 ms, found 3 plugins.
Native extension for WindowsStandalone target not found
Mono: successfully reloaded assembly
- Finished resetting the current domain, in  3.924 seconds
Domain Reload Profiling: 15161ms
	BeginReloadAssembly (3246ms)
		ExecutionOrderSort (0ms)
		DisableScriptedObjects (20ms)
		BackupInstance (0ms)
		ReleaseScriptingObjects (0ms)
		CreateAndSetChildDomain (93ms)
	RebuildCommonClasses (634ms)
	RebuildNativeTypeToScriptingClass (81ms)
	initialDomainReloadingComplete (189ms)
	LoadAllAssembliesAndSetupDomain (7087ms)
		LoadAssemblies (7958ms)
		RebuildTransferFunctionScriptingTraits (0ms)
		AnalyzeDomain (2052ms)
			TypeCache.Refresh (25ms)
				TypeCache.ScanAssembly (0ms)
			BuildScriptInfoCaches (1899ms)
			ResolveRequiredComponents (121ms)
	FinalizeReload (3925ms)
		ReleaseScriptCaches (0ms)
		RebuildScriptCaches (0ms)
		SetupLoadedEditorAssemblies (2598ms)
			LogAssemblyErrors (0ms)
			InitializePlatformSupportModulesInManaged (3ms)
			SetLoadedEditorAssemblies (7ms)
			BeforeProcessingInitializeOnLoad (1027ms)
			ProcessInitializeOnLoadAttributes (1459ms)
			ProcessInitializeOnLoadMethodAttributes (88ms)
			AfterProcessingInitializeOnLoad (14ms)
			EditorAssembliesLoaded (1ms)
		ExecutionOrderSort2 (0ms)
		AwakeInstancesAfterBackupRestoration (23ms)
Refreshing native plugins compatible for Editor in 2.17 ms, found 3 plugins.
Preloading 0 native plugins for Editor in 0.00 ms.
Unloading 13 Unused Serialized files (Serialized files now loaded: 0)
Unloading 5938 unused Assets / (4.6 MB). Loaded Objects now: 6742.
Memory consumption went from 162.7 MB to 158.1 MB.
Total: 14.855100 ms (FindLiveObjects: 1.101600 ms CreateObjectMapping: 1.508200 ms MarkObjects: 7.286300 ms  DeleteObjects: 4.956500 ms)

Prepare: number of updated asset objects reloaded= 0
